<html>
<body>
<pre>
<h1>µVision Build Log</h1>
<h2>Project:</h2>
C:\Users\fmahb\Dropbox\School 2017-2018\Semester 2 half courses\2208\assignment5\assignment5.uvproj
Project File Date:  04/04/2018

<h2>Output:</h2>
Build target 'Target 1'
assembling power.s...
linking...
Program Size: Code=352 RO-data=0 RW-data=0 ZI-data=0  
".\assignment5.axf" - 0 Error(s), 0 Warning(s).
</pre>
</body>
</html>
wer.s" - 0 Error(s), 0 Warning(s).
ile 'C:\Users\fmahb\Dropbox\School 2017-2018\Semester 2 half courses\2208\assignment5\assignment5.axf'. Debugger aborted !
assembling power.s...
"power.s" - 0 Error(s), 0 Warning(s).
t created
